file_get_contents(http://site.job/php/generate_template.php): failed to open stream: HTTP request failed!  = C:\OSPanel\domains\site.job\domain.php = 56
file_get_contents(http://site.job/php/generate_template.php): failed to open stream: HTTP request failed!  = C:\OSPanel\domains\site.job\domain.php = 56
file_get_contents(http://site.job/php/generate_template.php): failed to open stream: HTTP request failed!  = C:\OSPanel\domains\site.job\domain.php = 56
file_get_contents(http://site.job/php/generate_template.php): failed to open stream: HTTP request failed!  = C:\OSPanel\domains\site.job\domain.php = 56
file_get_contents(http://site.job/php/generate_template.php): failed to open stream: HTTP request failed!  = C:\OSPanel\domains\site.job\domain.php = 56
file_get_contents(http://site.job/php/generate_template.php): failed to open stream: HTTP request failed!  = C:\OSPanel\domains\site.job\domain.php = 56
file_get_contents(http://site.job/php/generate_template.php): failed to open stream: HTTP request failed!  = C:\OSPanel\domains\site.job\domain.php = 56
file_get_contents(http://site.job/php/generate_template.php): failed to open stream: HTTP request failed!  = C:\OSPanel\domains\site.job\domain.php = 56
file_get_contents(http://site.job/php/generate_template.php): failed to open stream: HTTP request failed!  = C:\OSPanel\domains\site.job\domain.php = 56
file_get_contents(http://site.job/php/generate_template.php): failed to open stream: HTTP request failed!  = C:\OSPanel\domains\site.job\domain.php = 56
file_get_contents(http://site.job/php/generate_template.php): failed to open stream: HTTP request failed!  = C:\OSPanel\domains\site.job\domain.php = 56
file_get_contents(http://site.job/php/generate_template.php): failed to open stream: HTTP request failed!  = C:\OSPanel\domains\site.job\domain.php = 56
file_get_contents(http://site.job/php/generate_template.php): failed to open stream: HTTP request failed!  = C:\OSPanel\domains\site.job\domain.php = 56
curl_setopt(): You must pass either an object or an array with the CURLOPT_HTTPHEADER argument = C:\OSPanel\domains\site.job\domain.php = 60
curl_setopt(): You must pass either an object or an array with the CURLOPT_HTTPHEADER argument = C:\OSPanel\domains\site.job\domain.php = 60
curl_setopt(): You must pass either an object or an array with the CURLOPT_HTTPHEADER argument = C:\OSPanel\domains\site.job\domain.php = 60
Undefined variable: result = C:\OSPanel\domains\site.job\domain.php = 69
Undefined offset: 0 = C:\OSPanel\domains\site.job\domain.php = 22
Undefined offset: 0 = C:\OSPanel\domains\site.job\domain.php = 15
Undefined variable: result = C:\OSPanel\domains\site.job\domain.php = 69
Undefined offset: 0 = C:\OSPanel\domains\site.job\domain.php = 22
Undefined variable: result = C:\OSPanel\domains\site.job\domain.php = 69
Undefined offset: 0 = C:\OSPanel\domains\site.job\domain.php = 22
file_get_contents(http://site.job/php/generate_template.php): failed to open stream: HTTP request failed!  = C:\OSPanel\domains\site.job\domain.php = 56
file_get_contents(http://site.job/php/generate_template.php): failed to open stream: HTTP request failed!  = C:\OSPanel\domains\site.job\domain.php = 56
file_get_contents(http://site.job/php/generate_template.php): failed to open stream: HTTP request failed!  = C:\OSPanel\domains\site.job\domain.php = 56
file_get_contents(http://site.job/php/generate_template.php): failed to open stream: HTTP request failed!  = C:\OSPanel\domains\site.job\domain.php = 56
file_get_contents(http://site.job/php/generate_template.php): failed to open stream: HTTP request failed!  = C:\OSPanel\domains\site.job\domain.php = 56
file_get_contents(http://site.job/php/generate_template.php): failed to open stream: HTTP request failed!  = C:\OSPanel\domains\site.job\domain.php = 56
file_get_contents(http://site.job/php/generate_template.php): failed to open stream: HTTP request failed!  = C:\OSPanel\domains\site.job\domain.php = 56
file_get_contents(http://site.job/php/generate_template.php): failed to open stream: HTTP request failed!  = C:\OSPanel\domains\site.job\domain.php = 56
file_get_contents(http://site.job/php/generate_template.php): failed to open stream: HTTP request failed!  = C:\OSPanel\domains\site.job\domain.php = 56
file_get_contents(http://site.job/php/generate_template.php): failed to open stream: HTTP request failed!  = C:\OSPanel\domains\site.job\domain.php = 56
file_get_contents(http://site.job/php/generate_template.php): failed to open stream: HTTP request failed!  = C:\OSPanel\domains\site.job\domain.php = 56
file_get_contents(http://site.job/php/generate_template.php): failed to open stream: HTTP request failed!  = C:\OSPanel\domains\site.job\domain.php = 56
file_get_contents(http://site.job/php/generate_template.php): failed to open stream: HTTP request failed!  = C:\OSPanel\domains\site.job\domain.php = 56
file_get_contents(http://site.job/php/generate_template.php): failed to open stream: HTTP request failed!  = C:\OSPanel\domains\site.job\domain.php = 56
file_get_contents(http://site.job/php/generate_template.php): failed to open stream: HTTP request failed!  = C:\OSPanel\domains\site.job\domain.php = 56
file_get_contents(http://site.job/php/generate_template.php): failed to open stream: HTTP request failed!  = C:\OSPanel\domains\site.job\domain.php = 56
file_get_contents(http://site.job/php/generate_template.php): failed to open stream: HTTP request failed!  = C:\OSPanel\domains\site.job\domain.php = 56
file_get_contents(http://site.job/php/generate_template.php): failed to open stream: HTTP request failed!  = C:\OSPanel\domains\site.job\domain.php = 56
file_get_contents(http://site.job/php/generate_template.php): failed to open stream: HTTP request failed!  = C:\OSPanel\domains\site.job\domain.php = 56
file_get_contents(http://site.job/php/generate_template.php): failed to open stream: HTTP request failed!  = C:\OSPanel\domains\site.job\domain.php = 56
file_get_contents(http://site.job/php/generate_template.php): failed to open stream: HTTP request failed!  = C:\OSPanel\domains\site.job\domain.php = 56
file_get_contents(http://site.job/php/generate_template.php): failed to open stream: HTTP request failed!  = C:\OSPanel\domains\site.job\domain.php = 56
file_get_contents(http://site.job/php/generate_template.php): failed to open stream: HTTP request failed!  = C:\OSPanel\domains\site.job\domain.php = 56
file_get_contents(http://site.job/php/generate_template.php): failed to open stream: HTTP request failed!  = C:\OSPanel\domains\site.job\domain.php = 56
file_get_contents(http://site.job/php/generate_template.php): failed to open stream: HTTP request failed!  = C:\OSPanel\domains\site.job\domain.php = 56
file_get_contents(http://site.job/php/generate_template.php): failed to open stream: HTTP request failed!  = C:\OSPanel\domains\site.job\domain.php = 56
file_get_contents(http://site.job/php/generate_template.php): failed to open stream: HTTP request failed!  = C:\OSPanel\domains\site.job\domain.php = 56
file_get_contents(http://site.job/php/generate_template.php): failed to open stream: HTTP request failed!  = C:\OSPanel\domains\site.job\domain.php = 56
file_get_contents(http://site.job/php/generate_template.php): failed to open stream: HTTP request failed!  = C:\OSPanel\domains\site.job\domain.php = 56
file_get_contents(http://site.job/php/generate_template.php): failed to open stream: HTTP request failed!  = C:\OSPanel\domains\site.job\domain.php = 56
file_get_contents(http://site.job/php/generate_template.php): failed to open stream: HTTP request failed!  = C:\OSPanel\domains\site.job\domain.php = 56
file_get_contents(http://site.job/php/generate_template.php): failed to open stream: HTTP request failed!  = C:\OSPanel\domains\site.job\domain.php = 56
file_get_contents(http://site.job/php/template/generate_template.php): failed to open stream: HTTP request failed!  = C:\OSPanel\domains\site.job\domain.php = 56
file_get_contents(http://site.job/php/template/generate_template.php): failed to open stream: HTTP request failed!  = C:\OSPanel\domains\site.job\domain.php = 56
file_get_contents(http://site.job/php/template/generate_template.php): failed to open stream: HTTP request failed!  = C:\OSPanel\domains\site.job\domain.php = 56
